Health: healthy
Error: The remote server returned an error: (401) Unauthorized.
Response: System.Net.HttpWebResponse
